// Jest Snapshot v1, https://goo.gl/fbAQLP

exports[`Components/EditText renders 1`] = `
<styled.input
  onBlur={[MockFunction]}
  onChange={[MockFunction]}
  value=""
/>
`;
