// Jest Snapshot v1, https://goo.gl/fbAQLP

exports[`Components/EditButton renders 1`] = `
<styled.button
  onClick={[MockFunction]}
>
  <Icon
    icon={
      Array [
        "fas",
        "pencil-alt",
      ]
    }
  />
</styled.button>
`;
