// Jest Snapshot v1, https://goo.gl/fbAQLP

exports[`Components/Modal renders 1`] = `
<div>
  <div>
    Content
  </div>
</div>
`;
