// Jest Snapshot v1, https://goo.gl/fbAQLP

exports[`Components/DeleteNoteButton renders 1`] = `
<styled.button
  onClick={[MockFunction]}
>
  <span>
    Delete Note
  </span>
   
  <Icon
    icon={
      Array [
        "fas",
        "times",
      ]
    }
  />
</styled.button>
`;
